// Jest Snapshot v1, https://goo.gl/fbAQLP

exports[`<Banner /> should render correctly 1`] = `
.c5 {
  cursor: pointer;
  display: -webkit-inline-box;
  display: -webkit-inline-flex;
  display: -ms-inline-flexbox;
  display: inline-flex;
  -webkit-align-items: center;
  -webkit-box-align: center;
  -ms-flex-align: center;
  align-items: center;
  -webkit-box-pack: center;
  -webkit-justify-content: center;
  -ms-flex-pack: center;
  justify-content: center;
  background: linear-gradient(180deg,#ff5f5f 0%,#f062c0 50%);
  color: #FAFAFA;
  font-family: Poppins,-apple-system,BlinkMacSystemFont,'Segoe UI',Roboto,Oxygen,Ubuntu,Cantarell,'Open Sans','Helvetica Neue',sans-serif;
  border: 0;
  border-radius: 0.4rem;
  padding: 0.8rem;
  -webkit-text-decoration: none;
  text-decoration: none;
  height: 5rem;
  font-size: 1.6rem;
  padding: 0.8rem 4.8rem;
}

.c5:hover {
  background: linear-gradient(180deg,#e35565 0%,#d958a6 50%);
}

.c0 {
  position: relative;
}

.c1 {
  width: 100%;
  height: 23rem;
  background-color: #EAEAEA;
  background-image: url(https://venturebeat.com/wp-content/uploads/2020/01/doom-eternal-4.jpg);
  background-position: center center;
  background-size: cover;
}

.c2 {
  width: 100%;
  background-color: rgba(0,0,0,0.7);
  padding: 2.4rem;
}

.c3 {
  font-size: 1.8rem;
  font-weight: 600;
  color: #FAFAFA;
}

.c4 {
  font-size: 1.4rem;
  font-weight: 400;
  color: #FAFAFA;
  margin-bottom: 1.6rem;
}

.c4 strong {
  font-weight: 600;
  color: #F231A5;
}

@media (min-width:768px) {
  .c0 {
    box-shadow: 0 0.4rem 0.5rem 0 rgba(0,0,0,0.2);
  }
}

@media (min-width:768px) {
  .c1 {
    height: 58rem;
  }
}

@media (min-width:768px) {
  .c2 {
    border-radius: 0 0 0.4rem 0.4rem;
    padding: 4.0rem;
    position: absolute;
    bottom: 0;
    left: 0;
  }
}

@media (min-width:768px) {
  .c3 {
    font-size: 2.8rem;
  }
}

@media (min-width:768px) {
  .c4 {
    font-size: 1.8rem;
  }
}

<main
  class="c0"
>
  <div
    aria-label="Doom Final"
    class="c1"
    role="img"
    src="https://venturebeat.com/wp-content/uploads/2020/01/doom-eternal-4.jpg"
  />
  <div
    class="c2"
  >
    <h2
      class="c3"
    >
      Doom Final
    </h2>
    <h3
      class="c4"
    >
      <i>
        Eternal 
        <strong>
          Yehhhh
        </strong>
         Doommmm
      </i>
    </h3>
    <a
      class="c5"
      href="/games/doom"
    >
      <span>
        Buy now
      </span>
    </a>
  </div>
</main>
`
